AR shift_left_26 behavioral C:/Users/Pro/Documents/Xilinx/R_Type/shift_left_26.vhd sub00/vhpl39 1397271679
AR add_some behavioral C:/Users/Pro/Documents/Xilinx/R_Type/ADD_SOME.vhd sub00/vhpl41 1397271681
AR mux2_1 behavioral C:/Users/Pro/Documents/Xilinx/R_Type/Mux2_1.vhd sub00/vhpl21 1397271671
EN sign_extn NULL C:/Users/Pro/Documents/Xilinx/R_Type/sign_extn.vhd sub00/vhpl24 1397271658
EN mux21_32 NULL C:/Users/Pro/Documents/Xilinx/R_Type/Mux21_32b.vhd sub00/vhpl22 1397271668
EN regfile NULL C:/Users/Pro/Documents/Xilinx/R_Type/regfile.vhd sub00/vhpl08 1397271650
AR sign_extn behavioral C:/Users/Pro/Documents/Xilinx/R_Type/sign_extn.vhd sub00/vhpl25 1397271659
EN schem NULL C:/Users/Pro/Documents/Xilinx/R_Type/Schem.vhf sub00/vhpl16 1397271682
EN shift_left_2 NULL C:/Users/Pro/Documents/Xilinx/R_Type/shift_left2.vhd sub00/vhpl26 1397271662
AR add behavioral C:/Users/Pro/Documents/Xilinx/R_Type/Add.vhd sub00/vhpl33 1397271665
AR inverter behavioral C:/Users/Pro/Documents/Xilinx/R_Type/Inverter.vhd sub00/vhpl37 1397271675
EN datamem NULL C:/Users/Pro/Documents/Xilinx/R_Type/datamem.vhd sub00/vhpl30 1397271672
EN shift_left_26 NULL C:/Users/Pro/Documents/Xilinx/R_Type/shift_left_26.vhd sub00/vhpl38 1397271678
EN alu_control NULL C:/Users/Pro/Documents/Xilinx/R_Type/ALU_Control.vhd sub00/vhpl10 1397271652
AR instmem behavioral C:/Users/Pro/Documents/Xilinx/R_Type/instmem.vhd sub00/vhpl05 1397271649
AR pc behavior C:/Users/Pro/Documents/Xilinx/R_Type/PC.vhd sub00/vhpl01 1397271645
AR and_gate behavioral C:/Users/Pro/Documents/Xilinx/R_Type/And.vhd sub00/vhpl29 1397271667
AR pcadd behavioral C:/Users/Pro/Documents/Xilinx/R_Type/PCADD.vhd sub00/vhpl03 1397271647
EN pc_chunk NULL C:/Users/Pro/Documents/Xilinx/R_Type/Pc_Chunk.vhd sub00/vhpl14 1397271656
EN pc NULL C:/Users/Pro/Documents/Xilinx/R_Type/PC.vhd sub00/vhpl00 1397271644
AR pc_chunk behavioral C:/Users/Pro/Documents/Xilinx/R_Type/Pc_Chunk.vhd sub00/vhpl15 1397271657
AR alu_control behavioral C:/Users/Pro/Documents/Xilinx/R_Type/ALU_Control.vhd sub00/vhpl11 1397271653
EN inverter NULL C:/Users/Pro/Documents/Xilinx/R_Type/Inverter.vhd sub00/vhpl36 1397271674
EN toplevel NULL C:/Users/Pro/Documents/Xilinx/R_Type/toplevel.vhd sub00/vhpl18 1397271684
EN pcadd NULL C:/Users/Pro/Documents/Xilinx/R_Type/PCADD.vhd sub00/vhpl02 1397271646
AR or_gate behavioral C:/Users/Pro/Documents/Xilinx/R_Type/Or_gate.vhd sub00/vhpl35 1397271677
EN instmem NULL C:/Users/Pro/Documents/Xilinx/R_Type/instmem.vhd sub00/vhpl04 1397271648
AR datamem behavioral C:/Users/Pro/Documents/Xilinx/R_Type/datamem.vhd sub00/vhpl31 1397271673
EN add NULL C:/Users/Pro/Documents/Xilinx/R_Type/Add.vhd sub00/vhpl32 1397271664
AR toplevel behavioral C:/Users/Pro/Documents/Xilinx/R_Type/toplevel.vhd sub00/vhpl19 1397271685
EN mux2_1 NULL C:/Users/Pro/Documents/Xilinx/R_Type/Mux2_1.vhd sub00/vhpl20 1397271670
EN or_gate NULL C:/Users/Pro/Documents/Xilinx/R_Type/Or_gate.vhd sub00/vhpl34 1397271676
EN control NULL C:/Users/Pro/Documents/Xilinx/R_Type/Control.vhd sub00/vhpl06 1397271660
EN add_some NULL C:/Users/Pro/Documents/Xilinx/R_Type/ADD_SOME.vhd sub00/vhpl40 1397271680
AR alu behavioral C:/Users/Pro/Documents/Xilinx/R_Type/ALU.vhd sub00/vhpl13 1397271655
AR shift_left_2 behavioral C:/Users/Pro/Documents/Xilinx/R_Type/shift_left2.vhd sub00/vhpl27 1397271663
AR control behavioral C:/Users/Pro/Documents/Xilinx/R_Type/Control.vhd sub00/vhpl07 1397271661
AR schem behavioral C:/Users/Pro/Documents/Xilinx/R_Type/Schem.vhf sub00/vhpl17 1397271683
AR mux21_32 behavioral C:/Users/Pro/Documents/Xilinx/R_Type/Mux21_32b.vhd sub00/vhpl23 1397271669
EN and_gate NULL C:/Users/Pro/Documents/Xilinx/R_Type/And.vhd sub00/vhpl28 1397271666
AR regfile behavioral C:/Users/Pro/Documents/Xilinx/R_Type/regfile.vhd sub00/vhpl09 1397271651
EN alu NULL C:/Users/Pro/Documents/Xilinx/R_Type/ALU.vhd sub00/vhpl12 1397271654
